---
source: test-harness/src/harness.rs
expression: snapshot
info:
  kind:
    Translate:
      backend: fstar
  info:
    name: attributes
    manifest: attributes/Cargo.toml
    description: ~
  spec:
    optional: false
    broken: false
    issue_id: ~
    positive: true
    snapshot:
      stderr: false
      stdout: true
    include_flag: ~
    backend_options: ~
---
exit = 0

[stdout]
diagnostics = []

[stdout.files]
"Attributes.Newtype_pattern.fst" = '''
module Attributes.Newtype_pattern
#set-options "--fuel 0 --ifuel 1 --z3rlimit 15"
open Core
open FStar.Mul

let v_MAX: usize = sz 10

type t_SafeIndex = { f_i:f_i: usize{f_i <. v_MAX} }

let impl__SafeIndex__as_usize (self: t_SafeIndex) : usize = self.f_i

let impl__SafeIndex__new (i: usize) : Core.Option.t_Option t_SafeIndex =
  if i <. v_MAX
  then Core.Option.Option_Some ({ f_i = i } <: t_SafeIndex) <: Core.Option.t_Option t_SafeIndex
  else Core.Option.Option_None <: Core.Option.t_Option t_SafeIndex

[@@ FStar.Tactics.Typeclasses.tcinstance]
let impl_1 (#v_T: Type) : Core.Ops.Index.t_Index (t_Array v_T (sz 10)) t_SafeIndex =
  {
    f_Output = v_T;
    f_index_pre = (fun (self: t_Array v_T (sz 10)) (index: t_SafeIndex) -> true);
    f_index_post = (fun (self: t_Array v_T (sz 10)) (index: t_SafeIndex) (out: v_T) -> true);
    f_index = fun (self: t_Array v_T (sz 10)) (index: t_SafeIndex) -> self.[ index.f_i ]
  }
'''
"Attributes.Refined_arithmetic.fst" = '''
module Attributes.Refined_arithmetic
#set-options "--fuel 0 --ifuel 1 --z3rlimit 15"
open Core
open FStar.Mul

type t_Foo = | Foo : u8 -> t_Foo

[@@ FStar.Tactics.Typeclasses.tcinstance]
let impl: Core.Ops.Arith.t_Add t_Foo t_Foo =
  {
    f_Output = t_Foo;
    f_add_pre = (fun (self: t_Foo) (rhs: t_Foo) -> self._0 <. (255uy -! rhs._0 <: u8));
    f_add_post = (fun (self: t_Foo) (rhs: t_Foo) (out: t_Foo) -> true);
    f_add = fun (self: t_Foo) (rhs: t_Foo) -> Foo (self._0 +! rhs._0) <: t_Foo
  }

[@@ FStar.Tactics.Typeclasses.tcinstance]
let impl_1: Core.Ops.Arith.t_Mul t_Foo t_Foo =
  {
    f_Output = t_Foo;
    f_mul_pre
    =
    (fun (self: t_Foo) (rhs: t_Foo) -> rhs._0 =. 0uy || self._0 <. (255uy /! rhs._0 <: u8));
    f_mul_post = (fun (self: t_Foo) (rhs: t_Foo) (out: t_Foo) -> true);
    f_mul = fun (self: t_Foo) (rhs: t_Foo) -> Foo (self._0 *! rhs._0) <: t_Foo
  }
'''
"Attributes.Refined_indexes.fst" = '''
module Attributes.Refined_indexes
#set-options "--fuel 0 --ifuel 1 --z3rlimit 15"
open Core
open FStar.Mul

let v_MAX: usize = sz 10

type t_MyArray = | MyArray : t_Array u8 (sz 10) -> t_MyArray

let mutation_example
      (use_generic_update_at: t_MyArray)
      (use_specialized_update_at: t_Slice u8)
      (specialized_as_well: Alloc.Vec.t_Vec u8 Alloc.Alloc.t_Global)
    : (t_MyArray & t_Slice u8 & Alloc.Vec.t_Vec u8 Alloc.Alloc.t_Global) =
  let use_generic_update_at:t_MyArray =
    Rust_primitives.Hax.update_at use_generic_update_at (sz 2) 0uy
  in
  let use_specialized_update_at:t_Slice u8 =
    Rust_primitives.Hax.Monomorphized_update_at.update_at_usize use_specialized_update_at (sz 2) 0uy
  in
  let specialized_as_well:Alloc.Vec.t_Vec u8 Alloc.Alloc.t_Global =
    Rust_primitives.Hax.Monomorphized_update_at.update_at_usize specialized_as_well (sz 2) 0uy
  in
  use_generic_update_at, use_specialized_update_at, specialized_as_well
  <:
  (t_MyArray & t_Slice u8 & Alloc.Vec.t_Vec u8 Alloc.Alloc.t_Global)

[@@ FStar.Tactics.Typeclasses.tcinstance]
let impl: Core.Ops.Index.t_Index t_MyArray usize =
  {
    f_Output = u8;
    f_index_pre = (fun (self: t_MyArray) (index: usize) -> index <. v_MAX);
    f_index_post = (fun (self: t_MyArray) (index: usize) (out: u8) -> true);
    f_index = fun (self: t_MyArray) (index: usize) -> self.[ index ]
  }
'''
"Attributes.fst" = '''
module Attributes
#set-options "--fuel 0 --ifuel 1 --z3rlimit 15"
open Core
open FStar.Mul

let add3_lemma (x: u32)
    : Lemma Prims.l_True
      (ensures
        x <=. 10ul || x >=. (u32_max /! 3ul <: u32) || (add3 x x x <: u32) =. (x *! 3ul <: u32)) =
  ()

let inlined_code__V: u8 = 12uy

let u32_max: u32 = 90000ul

let add3 (x y z: u32)
    : Prims.Pure u32
      (requires x >. 10ul && y >. 10ul && z >. 10ul && ((x +! y <: u32) +! z <: u32) <. u32_max)
      (ensures
        fun result ->
          let result:u32 = result in
          Hax_lib.implies true
            (fun temp_0_ ->
                let _:Prims.unit = temp_0_ in
                result >. 32ul <: bool)) = (x +! y <: u32) +! z

type t_Foo = {
  f_x:u32;
  f_y:f_y: u32{f_y >. 3ul};
  f_z:f_z: u32{((f_y +! f_x <: u32) +! f_z <: u32) >. 3ul}
}

let inlined_code (foo: t_Foo) : Prims.unit =
  let vv_a:i32 = 13l in
  let _:Prims.unit =
    let x = foo.f_x in
    let { f_y = y } = foo in
    add3 ((fun _ -> 3ul) foo) vv_a inlined_code__V y
  in
  ()
'''
